14:59:19 **** Incremental Build of configuration Debug for project smart_bottle ****
make -j16 all 
arm-none-eabi-gcc "../Core/Src/stm32f4xx_it.c" -mcpu=cortex-m4 -std=gnu11 -g3 -DDEBUG -DUSE_HAL_DRIVER -DSTM32F401xE -c -I../Core/Inc -I../Drivers/STM32F4xx_HAL_Driver/Inc -I../Drivers/STM32F4xx_HAL_Driver/Inc/Legacy -I../Drivers/CMSIS/Device/ST/STM32F4xx/Include -I../Drivers/CMSIS/Include -O0 -ffunction-sections -fdata-sections -Wall -fstack-usage -MMD -MP -MF"Core/Src/stm32f4xx_it.d" -MT"Core/Src/stm32f4xx_it.o" --specs=nano.specs -mfpu=fpv4-sp-d16 -mfloat-abi=hard -mthumb -o "Core/Src/stm32f4xx_it.o"
../Core/Src/stm32f4xx_it.c: In function 'color_read':
../Core/Src/stm32f4xx_it.c:290:3: warning: implicit declaration of function 'printf' [-Wimplicit-function-declaration]
  290 |   printf("error: invalid color read");
      |   ^~~~~~
../Core/Src/stm32f4xx_it.c:290:3: warning: incompatible implicit declaration of built-in function 'printf'
../Core/Src/stm32f4xx_it.c:24:1: note: include '<stdio.h>' or provide a declaration of 'printf'
   23 | #include "stm32f4xx_it.h"
  +++ |+#include <stdio.h>
   24 | /* Private includes ----------------------------------------------------------*/
arm-none-eabi-gcc -o "smart_bottle.elf" @"objects.list"   -mcpu=cortex-m4 -T"C:\Users\Bred\OneDrive\Desktop\Michigan\EECS 373\Final Project\eecs373group16\smart_bottle\STM32F401RETX_FLASH.ld" --specs=nosys.specs -Wl,-Map="smart_bottle.map" -Wl,--gc-sections -static --specs=nano.specs -mfpu=fpv4-sp-d16 -mfloat-abi=hard -mthumb -Wl,--start-group -lc -lm -Wl,--end-group
Finished building target: smart_bottle.elf
 
arm-none-eabi-size   smart_bottle.elf 
arm-none-eabi-objdump -h -S  smart_bottle.elf  > "smart_bottle.list"
arm-none-eabi-objcopy  -O binary  smart_bottle.elf  "smart_bottle.bin"
   text	   data	    bss	    dec	    hex	filename
  10740	     20	   1964	  12724	   31b4	smart_bottle.elf
Finished building: default.size.stdout
 
Finished building: smart_bottle.bin
 
Finished building: smart_bottle.list
 

14:59:20 Build Finished. 0 errors, 2 warnings. (took 1s.43ms)

